// Jest Snapshot v1, https://goo.gl/fbAQLP

exports[`<App /> Matches Snapshot 1`] = `<DocumentFragment />`;
